diff --git a/docs/methodology/CORE.md b/docs/methodology/CORE.md
index bd1537a..3a5bb5e 100644
--- a/docs/methodology/CORE.md
+++ b/docs/methodology/CORE.md
@@ -1,8 +1,8 @@
 # CORE — Núcleo operativo
 
 <!-- GENERADO por tools/build-core.mjs · NO EDITAR A MANO (SUITE-R16) -->
-<!-- cuerpo: 0146344b7f57 -->
-<!-- fuentes: RULES.md:1381488ede7a LEXICON.md:f4947c2623e3 EXECUTION-MODES.md:9e8a0518d3ef PHASES.md:dbca6fc558f3 -->
+<!-- cuerpo: 7a19facb02c4 -->
+<!-- fuentes: RULES.md:f484f285007e LEXICON.md:5f912a78cece EXECUTION-MODES.md:9e8a0518d3ef PHASES.md:dbca6fc558f3 -->
 
 Esto es **lo único** que carga el agente (`SUITE-R15`): reglas **y** procedimiento. Los
 documentos completos solo se abren cuando una línea de aquí lo remite.
@@ -227,6 +227,7 @@ verifica un script y bloquea la integración.
 `SUITE-R57` **H** Lo integrado no se acumula sin sellar. Si hay más de N tareas INTEGRATED de lotes ya cerrados que no están en el último tag de versión, G2 se bloquea hasta que una versión cierre. N = 3 por defecto,…
 `SUITE-R58` **H** El registro solo lo escribe el comando, y el marco lo comprueba.
 `SUITE-R59` **H** El escape que no existe no se rompe. Un patrón se escribe como regex literal; una secuencia de control se produce con String.fromCharCode; un texto largo se escribe a un archivo, nunca por la línea de…
+`SUITE-R60` **C** Un componente se declara, y ninguna herramienta lo nombra.
 
 ### LEX — Nombres
 
@@ -264,6 +265,8 @@ verifica un script y bloquea la integración.
 `LEX-R32` **H** La lista es cerrada por versión y ampliable por cambio de metodología.
 `LEX-R33` **H** retomada — el rastro de un aplazado que vuelve.
 `LEX-R34` **H** aplazamiento — un aplazado dice cuándo se revisa y quién responde.
+`LEX-R35` **H** Un componente de la suite se declara en tools/patrones.mjs, y las herramientas lo derivan.
+`LEX-R36` **H** Un componente tiene fases, triggers y directorio.
 
 ### EXEC — Compuertas y modos
 
