audit — cobertura de la Methodology Suite
Base: C:\DevOps\Desarrollos\cauce\docs\methodology

Cubiertos: 658  (regla:244 · regla-ptsa:82 · fase:52 · fase-diagrama:11 · compuerta:5 · trigger:25 · artefacto:34 · archivo:54 · plantilla:6 · estado:14 · tipo:5 · track:3 · severidad:4 · modo:3 · caso:1 · herramienta:72 · documento:36 · cobertura-mecanica:7)
  · SUITE-R61  3 de 67 sitio(s) que mutan un fixture comprueban que la mutacion ocurrio. Un fixture cuya mutacion no cambia nada corre sobre un arbol INTACTO y el caso pasa sin probar nada. La tabla crece por adopcion declarada: lo que la regla impide es que el proximo se escriba sin «muta».
Fases auditadas: FDGE 0-10 · FQAGE 1-7 · PTSA 0-14 · Foundation 0-6 · FPGE 1-7 · FIDE 1-5  (6 de 6)

Cobertura mecánica de las reglas   (SUITE-R26 · aspira, no exige)
  universo                       243     (RULES.md 191 · LEXICON.md 36 · EXECUTION-MODES.md 16)
  ejecutadas por una compuerta   139 / 243     · HARD 112 / 207
  citadas sin compuerta que las corra   11        → --sin-compuerta las enumera
  sin verificador                93        → --sin-verificar las enumera  (HARD 84)

  Clasificación exhaustiva (PT-078) — ninguna queda fuera:
    VERIFICADA       113   una herramienta la EMITE
    NO_VERIFICABLE   6   declarada con motivo y firma
    PENDIENTE        124   deuda, no límite
    suma             243 de 243

  Qué cambió respecto de la medida anterior:
    +52  reglas que el denominador no miraba: LEXICON.md y EXECUTION-MODES.md
    -24  dejaron de contar por una MENCIÓN: su ID sólo aparecía en comentarios
         de ellas 5 sólo en selftest.sh — el arnés no lo ejecuta ninguna compuerta

Auditoría sin huecos en los elementos auditados. Cobertura mecánica de reglas: 139/243.
