
> @a81biz/cauce@13.1.0 audit
> node docs/methodology/tools/audit.mjs docs/methodology

audit — cobertura de la Methodology Suite
Base: C:\DevOps\Desarrollos\cauce\docs\methodology

HUECOS · fase (6)
  ✗ FPGE fases
      LEXICON §3 no declara su rango — SIN EVALUAR, no se inventa (RULE-06)
  ✗ FIDE PHASE 1
      ausente en: FIDE/FIDE-Prompts.md
  ✗ FIDE PHASE 2
      ausente en: FIDE/FIDE-Prompts.md
  ✗ FIDE PHASE 3
      ausente en: FIDE/FIDE-Prompts.md
  ✗ FIDE PHASE 4
      ausente en: FIDE/FIDE-Prompts.md
  ✗ FIDE PHASE 5
      ausente en: FIDE/FIDE-Prompts.md

Cubiertos: 639  (regla:238 · regla-ptsa:82 · fase:40 · fase-diagrama:11 · compuerta:5 · trigger:25 · artefacto:34 · archivo:54 · plantilla:6 · estado:14 · tipo:5 · track:3 · severidad:4 · modo:3 · herramienta:72 · documento:36 · cobertura-mecanica:7)

Cobertura mecánica de las reglas   (SUITE-R26 · aspira, no exige)
  universo                       236     (RULES.md 187 · LEXICON.md 34 · EXECUTION-MODES.md 15)
  ejecutadas por una compuerta   133 / 236     · HARD 109 / 203
  citadas sin compuerta que las corra   11        → --sin-compuerta las enumera
  sin verificador                92        → --sin-verificar las enumera  (HARD 83)

  Clasificación exhaustiva (PT-078) — ninguna queda fuera:
    VERIFICADA       108   una herramienta la EMITE
    NO_VERIFICABLE   6   declarada con motivo y firma
    PENDIENTE        122   deuda, no límite
    suma             236 de 236

  Qué cambió respecto de la medida anterior:
    +49  reglas que el denominador no miraba: LEXICON.md y EXECUTION-MODES.md
    -22  dejaron de contar por una MENCIÓN: su ID sólo aparecía en comentarios
         de ellas 4 sólo en selftest.sh — el arnés no lo ejecuta ninguna compuerta

6 hueco(s) de cobertura.
